// Jest Snapshot v1, https://goo.gl/fbAQLP

exports[`Pruebas en <GifExpertApp /> Debe de hacer match con el snapshot 1`] = `
<div>
  <h1>
    Gif Expert App
  </h1>
  <form
    aria-label="form"
  >
    <input
      placeholder="Buscar gifs..."
      type="text"
      value=""
    />
  </form>
  <h2>
    Cargando...
  </h2>
  <h3>
    Pok√©mon
  </h3>
  <div
    class="card-grid"
  />
  <h2>
    Cargando...
  </h2>
  <h3>
    Yu-Gi-Oh
  </h3>
  <div
    class="card-grid"
  />
</div>
`;
