// Jest Snapshot v1, https://goo.gl/fbAQLP

exports[`Pruebas en <GifItem /> Debe de hacer match con el snapshot 1`] = `
<div>
  <div
    class="card"
  >
    <img
      alt="Pokémon"
      src="https://via.placeholder.com/150"
    />
    <p>
      Pokémon
    </p>
  </div>
</div>
`;
